
  .   ____          _            __ _ _
 /\\ / ___'_ __ _ _(_)_ __  __ _ \ \ \ \
( ( )\___ | '_ | '_| | '_ \/ _` | \ \ \ \
 \\/  ___)| |_)| | | | | || (_| |  ) ) ) )
  '  |____| .__|_| |_|_| |_\__, | / / / /
 =========|_|==============|___/=/_/_/_/
 :: Spring Boot ::                (v3.2.5)

2026-09-21T09:56:11.265+08:00  INFO 26160 --- [haoyou-service-job] [           main] c.h.service.job.JobServiceApplication    : Starting JobServiceApplication using Java 21.0.9 with PID 26160 (D:\zhuomian\好YOU经验知识共享平台\backend\haoyou-service-job\target\haoyou-service-job-1.0.0-SNAPSHOT.jar started by 简 in D:\zhuomian\好YOU经验知识共享平台\backend)
2026-09-21T09:56:11.268+08:00  INFO 26160 --- [haoyou-service-job] [           main] c.h.service.job.JobServiceApplication    : No active profile set, falling back to 1 default profile: "default"
2026-09-21T09:56:12.127+08:00  INFO 26160 --- [haoyou-service-job] [           main] .s.d.r.c.RepositoryConfigurationDelegate : Multiple Spring Data modules found, entering strict repository configuration mode
2026-09-21T09:56:12.129+08:00  INFO 26160 --- [haoyou-service-job] [           main] .s.d.r.c.RepositoryConfigurationDelegate : Bootstrapping Spring Data Redis repositories in DEFAULT mode.
2026-09-21T09:56:12.152+08:00  INFO 26160 --- [haoyou-service-job] [           main] .s.d.r.c.RepositoryConfigurationDelegate : Finished Spring Data repository scanning in 6 ms. Found 0 Redis repository interfaces.
2026-09-21T09:56:12.904+08:00  INFO 26160 --- [haoyou-service-job] [           main] o.s.b.w.embedded.tomcat.TomcatWebServer  : Tomcat initialized with port 59855 (http)
2026-09-21T09:56:12.936+08:00  INFO 26160 --- [haoyou-service-job] [           main] o.apache.catalina.core.StandardService   : Starting service [Tomcat]
2026-09-21T09:56:12.936+08:00  INFO 26160 --- [haoyou-service-job] [           main] o.apache.catalina.core.StandardEngine    : Starting Servlet engine: [Apache Tomcat/10.1.20]
2026-09-21T09:56:13.016+08:00  INFO 26160 --- [haoyou-service-job] [           main] o.a.c.c.C.[Tomcat].[localhost].[/]       : Initializing Spring embedded WebApplicationContext
2026-09-21T09:56:13.017+08:00  INFO 26160 --- [haoyou-service-job] [           main] w.s.c.ServletWebServerApplicationContext : Root WebApplicationContext: initialization completed in 1677 ms
 _ _   |_  _ _|_. ___ _ |    _ 
| | |\/|_)(_| | |_\  |_)||_|_\ 
     /               |         
                        3.5.6 
2026-09-21T09:56:14.807+08:00  INFO 26160 --- [haoyou-service-job] [           main] o.s.b.w.embedded.tomcat.TomcatWebServer  : Tomcat started on port 59855 (http) with context path ''
2026-09-21T09:56:14.819+08:00  INFO 26160 --- [haoyou-service-job] [           main] c.h.service.job.JobServiceApplication    : Started JobServiceApplication in 4.095 seconds (process running for 4.588)
2026-09-21T09:56:51.891+08:00  INFO 26160 --- [haoyou-service-job] [io-59855-exec-1] o.a.c.c.C.[Tomcat].[localhost].[/]       : Initializing Spring DispatcherServlet 'dispatcherServlet'
2026-09-21T09:56:51.892+08:00  INFO 26160 --- [haoyou-service-job] [io-59855-exec-1] o.s.web.servlet.DispatcherServlet        : Initializing Servlet 'dispatcherServlet'
2026-09-21T09:56:51.893+08:00  INFO 26160 --- [haoyou-service-job] [io-59855-exec-1] o.s.web.servlet.DispatcherServlet        : Completed initialization in 0 ms
2026-09-21T09:56:51.991+08:00  INFO 26160 --- [haoyou-service-job] [io-59855-exec-1] com.zaxxer.hikari.HikariDataSource       : HikariPool-1 - Starting...
2026-09-21T09:56:52.306+08:00  INFO 26160 --- [haoyou-service-job] [io-59855-exec-1] com.zaxxer.hikari.pool.HikariPool        : HikariPool-1 - Added connection com.mysql.cj.jdbc.ConnectionImpl@4f58879c
2026-09-21T09:56:52.307+08:00  INFO 26160 --- [haoyou-service-job] [io-59855-exec-1] com.zaxxer.hikari.HikariDataSource       : HikariPool-1 - Start completed.
